22 12
1 2 3 0
4 5 6 0
7 8 9 0
10 11 12 0
-1 5 6 0
4 -2 6 0
4 5 -3 0
-1 8 9 0
7 -2 9 0
7 8 -3 0
-1 11 12 0
10 -2 12 0
10 11 -3 0
-4 8 9 0
7 -5 9 0
7 8 -6 0
-4 11 12 0
10 -5 12 0
10 11 -6 0
-7 11 12 0
10 -8 12 0
10 11 -9 0

